// Jest Snapshot v1, https://goo.gl/fbAQLP

exports[`Home, snapshot test 1`] = `
<div
  className="home-container"
>
  <img
    alt="abstract human standing"
    className="home-picture"
    src="/images/home.png"
  />
  <div
    className="home-introduction"
  >
    <h1>
      Tervetuloa tenttisovellukseen! üçú
    </h1>
    <p>
      Tenttisovelluksen avulla sinusta tulee entist√§kin fiksumpi ihminen. Sovelluksen k√§yt√∂n j√§lkeen j√§√§t miettim√§√§n sit√§ faktaa, miten oletkaan p√§rj√§nnyt ilman t√§t√§ aiemmin.
    </p>
  </div>
</div>
`;
